{:redeemables=>{:object=>"list", :data_ref=>"data", :data=>[{:id=>"Z2DWJAJW", :object=>"voucher", :created_at=>2024-09-04 15:41:31.042 UTC, :result=>{}, :order=>{:amount=>20000, :total_amount=>20000, :metadata=>{}, :object=>"order", :customer_id=>nil, :referrer_id=>nil}, :applicable_to=>{}, :inapplicable_to=>{}}], :total=>1, :has_more=>true}, :tracking_id=>"track_scTenMhfDifgo6Lhiy2bfQ==", :order=>{:amount=>20000, :metadata=>{}, :object=>"order", :customer_id=>nil, :referrer_id=>nil}, :stacking_rules=>{}}
