{:name=>"4XrEHjbW57", :rules=>{}, :applicable_to=>{:included=>[{:object=>"product", :id=>"prod_0f1975b6e5461bd5ea", :strict=>false, :effect=>"APPLY_TO_EVERY"}], :included_all=>false}, :type=>"basic", :context_type=>"global", :id=>"val_xGjBfc7Hp9el", :created_at=>2024-07-23 09:23:38.887 UTC, :object=>"validation_rules"}