{:id=>"cust_a7zY7lhsY24jSQIqwKLl3ppX", :source_id=>"4hIlR2PkTx", :summary=>{:redemptions=>{:total_redeemed=>0, :total_failed=>0, :total_succeeded=>0, :total_rolled_back=>0, :total_rollback_failed=>0, :total_rollback_succeeded=>0, :gift=>{:redeemed_amount=>0, :amount_to_go=>0}, :loyalty_card=>{:redeemed_points=>0, :points_to_go=>0}}, :orders=>{:total_amount=>0, :total_count=>0, :average_amount=>0, :last_order_amount=>0}}, :loyalty=>{:points=>0, :referred_customers=>0, :campaigns=>{}}, :referrals=>{:total=>0, :campaigns=>[]}, :system_metadata=>{}, :created_at=>2024-07-23 12:27:32.926 UTC, :object=>"customer", :name=>"John Doe", :address=>{:city=>"New York", :line_1=>"5th Avenue", :line_2=>"1/2", :country=>"US", :postal_code=>"11-111"}}